29-Jan-2026 18:26:57.912 INFO [main] org.apache.catalina.core.StandardServer.await A valid shutdown command was received via the shutdown port. Stopping the Server instance.
29-Jan-2026 18:26:57.915 INFO [main] org.apache.coyote.AbstractProtocol.pause Pausing ProtocolHandler ["http-nio-8080"]
29-Jan-2026 18:26:57.924 INFO [main] org.apache.catalina.core.StandardService.stopInternal Stopping service [Catalina]
29-Jan-2026 18:26:57.942 INFO [main] org.apache.coyote.AbstractProtocol.stop Stopping ProtocolHandler ["http-nio-8080"]
29-Jan-2026 18:26:57.949 INFO [main] org.apache.coyote.AbstractProtocol.destroy Destroying ProtocolHandler ["http-nio-8080"]
29-Jan-2026 18:27:02.539 INFO [main] org.apache.catalina.startup.VersionLoggerListener.log Server version name:   Apache Tomcat/9.0.115
29-Jan-2026 18:27:02.541 INFO [main] org.apache.catalina.startup.VersionLoggerListener.log Server built:          Jan 21 2026 08:17:26 UTC
29-Jan-2026 18:27:02.541 INFO [main] org.apache.catalina.startup.VersionLoggerListener.log Server version number: 9.0.115.0
29-Jan-2026 18:27:02.541 INFO [main] org.apache.catalina.startup.VersionLoggerListener.log OS Name:               Mac OS X
29-Jan-2026 18:27:02.541 INFO [main] org.apache.catalina.startup.VersionLoggerListener.log OS Version:            15.7.3
29-Jan-2026 18:27:02.541 INFO [main] org.apache.catalina.startup.VersionLoggerListener.log Architecture:          aarch64
29-Jan-2026 18:27:02.541 INFO [main] org.apache.catalina.startup.VersionLoggerListener.log Java Home:             /Library/Java/JavaVirtualMachines/jdk-23.jdk/Contents/Home
29-Jan-2026 18:27:02.541 INFO [main] org.apache.catalina.startup.VersionLoggerListener.log JVM Version:           23.0.2+7-58
29-Jan-2026 18:27:02.541 INFO [main] org.apache.catalina.startup.VersionLoggerListener.log JVM Vendor:            Oracle Corporation
29-Jan-2026 18:27:02.541 INFO [main] org.apache.catalina.startup.VersionLoggerListener.log CATALINA_BASE:         /Applications/tomcat
29-Jan-2026 18:27:02.541 INFO [main] org.apache.catalina.startup.VersionLoggerListener.log CATALINA_HOME:         /Applications/tomcat
29-Jan-2026 18:27:02.547 INFO [main] org.apache.catalina.startup.VersionLoggerListener.log Command line argument: --add-opens=java.base/java.lang=ALL-UNNAMED
29-Jan-2026 18:27:02.547 INFO [main] org.apache.catalina.startup.VersionLoggerListener.log Command line argument: --add-opens=java.base/java.lang.invoke=ALL-UNNAMED
29-Jan-2026 18:27:02.547 INFO [main] org.apache.catalina.startup.VersionLoggerListener.log Command line argument: --add-opens=java.base/java.lang.reflect=ALL-UNNAMED
29-Jan-2026 18:27:02.547 INFO [main] org.apache.catalina.startup.VersionLoggerListener.log Command line argument: --add-opens=java.base/java.io=ALL-UNNAMED
29-Jan-2026 18:27:02.547 INFO [main] org.apache.catalina.startup.VersionLoggerListener.log Command line argument: --add-opens=java.base/java.util=ALL-UNNAMED
29-Jan-2026 18:27:02.548 INFO [main] org.apache.catalina.startup.VersionLoggerListener.log Command line argument: --add-opens=java.base/java.util.concurrent=ALL-UNNAMED
29-Jan-2026 18:27:02.548 INFO [main] org.apache.catalina.startup.VersionLoggerListener.log Command line argument: --add-opens=java.rmi/sun.rmi.transport=ALL-UNNAMED
29-Jan-2026 18:27:02.548 INFO [main] org.apache.catalina.startup.VersionLoggerListener.log Command line argument: -Djava.util.logging.config.file=/Applications/tomcat/conf/logging.properties
29-Jan-2026 18:27:02.548 INFO [main] org.apache.catalina.startup.VersionLoggerListener.log Command line argument: -Djava.util.logging.manager=org.apache.juli.ClassLoaderLogManager
29-Jan-2026 18:27:02.548 INFO [main] org.apache.catalina.startup.VersionLoggerListener.log Command line argument: -Djdk.tls.ephemeralDHKeySize=2048
29-Jan-2026 18:27:02.548 INFO [main] org.apache.catalina.startup.VersionLoggerListener.log Command line argument: -Djava.protocol.handler.pkgs=org.apache.catalina.webresources
29-Jan-2026 18:27:02.548 INFO [main] org.apache.catalina.startup.VersionLoggerListener.log Command line argument: -Dsun.io.useCanonCaches=false
29-Jan-2026 18:27:02.548 INFO [main] org.apache.catalina.startup.VersionLoggerListener.log Command line argument: -Dorg.apache.catalina.security.SecurityListener.UMASK=0027
29-Jan-2026 18:27:02.548 INFO [main] org.apache.catalina.startup.VersionLoggerListener.log Command line argument: -Dignore.endorsed.dirs=
29-Jan-2026 18:27:02.548 INFO [main] org.apache.catalina.startup.VersionLoggerListener.log Command line argument: -Dcatalina.base=/Applications/tomcat
29-Jan-2026 18:27:02.548 INFO [main] org.apache.catalina.startup.VersionLoggerListener.log Command line argument: -Dcatalina.home=/Applications/tomcat
29-Jan-2026 18:27:02.548 INFO [main] org.apache.catalina.startup.VersionLoggerListener.log Command line argument: -Djava.io.tmpdir=/Applications/tomcat/temp
29-Jan-2026 18:27:02.552 INFO [main] org.apache.catalina.core.AprLifecycleListener.lifecycleEvent The Apache Tomcat Native library which allows using OpenSSL was not found on the java.library.path: [/Users/jessemendoza/Library/Java/Extensions:/Library/Java/Extensions:/Network/Library/Java/Extensions:/System/Library/Java/Extensions:/usr/lib/java:.]
29-Jan-2026 18:27:02.674 INFO [main] org.apache.coyote.AbstractProtocol.init Initializing ProtocolHandler ["http-nio-8080"]
29-Jan-2026 18:27:02.684 INFO [main] org.apache.catalina.startup.Catalina.load Server initialization in [208] milliseconds
29-Jan-2026 18:27:02.697 INFO [main] org.apache.catalina.core.StandardService.startInternal Starting service [Catalina]
29-Jan-2026 18:27:02.697 INFO [main] org.apache.catalina.core.StandardEngine.startInternal Starting Servlet engine: [Apache Tomcat/9.0.115]
29-Jan-2026 18:27:02.699 INFO [main] org.apache.catalina.startup.HostConfig.deployDirectory Deploying web application directory [/Applications/tomcat/webapps/docs]
29-Jan-2026 18:27:02.871 INFO [main] org.apache.jasper.servlet.TldScanner.scanJars At least one JAR was scanned for TLDs yet contained no TLDs. Enable debug logging for this logger for a complete list of JARs that were scanned but no TLDs were found in them. Skipping unneeded JARs during scanning can improve startup time and JSP compilation time.
29-Jan-2026 18:27:02.882 INFO [main] org.apache.catalina.startup.HostConfig.deployDirectory Deployment of web application directory [/Applications/tomcat/webapps/docs] has finished in [183] ms
29-Jan-2026 18:27:02.882 INFO [main] org.apache.catalina.startup.HostConfig.deployDirectory Deploying web application directory [/Applications/tomcat/webapps/manager]
29-Jan-2026 18:27:02.939 INFO [main] org.apache.jasper.servlet.TldScanner.scanJars At least one JAR was scanned for TLDs yet contained no TLDs. Enable debug logging for this logger for a complete list of JARs that were scanned but no TLDs were found in them. Skipping unneeded JARs during scanning can improve startup time and JSP compilation time.
29-Jan-2026 18:27:02.942 INFO [main] org.apache.catalina.startup.HostConfig.deployDirectory Deployment of web application directory [/Applications/tomcat/webapps/manager] has finished in [60] ms
29-Jan-2026 18:27:02.942 INFO [main] org.apache.catalina.startup.HostConfig.deployDirectory Deploying web application directory [/Applications/tomcat/webapps/examples]
29-Jan-2026 18:27:03.041 INFO [main] org.apache.jasper.servlet.TldScanner.scanJars At least one JAR was scanned for TLDs yet contained no TLDs. Enable debug logging for this logger for a complete list of JARs that were scanned but no TLDs were found in them. Skipping unneeded JARs during scanning can improve startup time and JSP compilation time.
29-Jan-2026 18:27:03.046 INFO [main] org.apache.catalina.startup.HostConfig.deployDirectory Deployment of web application directory [/Applications/tomcat/webapps/examples] has finished in [104] ms
29-Jan-2026 18:27:03.046 INFO [main] org.apache.catalina.startup.HostConfig.deployDirectory Deploying web application directory [/Applications/tomcat/webapps/ROOT]
29-Jan-2026 18:27:03.093 INFO [main] org.apache.jasper.servlet.TldScanner.scanJars At least one JAR was scanned for TLDs yet contained no TLDs. Enable debug logging for this logger for a complete list of JARs that were scanned but no TLDs were found in them. Skipping unneeded JARs during scanning can improve startup time and JSP compilation time.
29-Jan-2026 18:27:03.094 INFO [main] org.apache.catalina.startup.HostConfig.deployDirectory Deployment of web application directory [/Applications/tomcat/webapps/ROOT] has finished in [48] ms
29-Jan-2026 18:27:03.094 INFO [main] org.apache.catalina.startup.HostConfig.deployDirectory Deploying web application directory [/Applications/tomcat/webapps/host-manager]
29-Jan-2026 18:27:03.140 INFO [main] org.apache.jasper.servlet.TldScanner.scanJars At least one JAR was scanned for TLDs yet contained no TLDs. Enable debug logging for this logger for a complete list of JARs that were scanned but no TLDs were found in them. Skipping unneeded JARs during scanning can improve startup time and JSP compilation time.
29-Jan-2026 18:27:03.140 INFO [main] org.apache.catalina.startup.HostConfig.deployDirectory Deployment of web application directory [/Applications/tomcat/webapps/host-manager] has finished in [46] ms
29-Jan-2026 18:27:03.142 INFO [main] org.apache.coyote.AbstractProtocol.start Starting ProtocolHandler ["http-nio-8080"]
29-Jan-2026 18:27:03.145 INFO [main] org.apache.catalina.startup.Catalina.start Server startup in [460] milliseconds
