27-Jan-2026 19:02:37.103 INFO [main] org.apache.catalina.startup.VersionLoggerListener.log Server version name:   Apache Tomcat/9.0.115
27-Jan-2026 19:02:37.105 INFO [main] org.apache.catalina.startup.VersionLoggerListener.log Server built:          Jan 21 2026 08:17:26 UTC
27-Jan-2026 19:02:37.105 INFO [main] org.apache.catalina.startup.VersionLoggerListener.log Server version number: 9.0.115.0
27-Jan-2026 19:02:37.105 INFO [main] org.apache.catalina.startup.VersionLoggerListener.log OS Name:               Mac OS X
27-Jan-2026 19:02:37.106 INFO [main] org.apache.catalina.startup.VersionLoggerListener.log OS Version:            15.7.3
27-Jan-2026 19:02:37.106 INFO [main] org.apache.catalina.startup.VersionLoggerListener.log Architecture:          aarch64
27-Jan-2026 19:02:37.106 INFO [main] org.apache.catalina.startup.VersionLoggerListener.log Java Home:             /Library/Java/JavaVirtualMachines/jdk-23.jdk/Contents/Home
27-Jan-2026 19:02:37.106 INFO [main] org.apache.catalina.startup.VersionLoggerListener.log JVM Version:           23.0.2+7-58
27-Jan-2026 19:02:37.106 INFO [main] org.apache.catalina.startup.VersionLoggerListener.log JVM Vendor:            Oracle Corporation
27-Jan-2026 19:02:37.106 INFO [main] org.apache.catalina.startup.VersionLoggerListener.log CATALINA_BASE:         /Applications/tomcat
27-Jan-2026 19:02:37.106 INFO [main] org.apache.catalina.startup.VersionLoggerListener.log CATALINA_HOME:         /Applications/tomcat
27-Jan-2026 19:02:37.115 INFO [main] org.apache.catalina.startup.VersionLoggerListener.log Command line argument: --add-opens=java.base/java.lang=ALL-UNNAMED
27-Jan-2026 19:02:37.115 INFO [main] org.apache.catalina.startup.VersionLoggerListener.log Command line argument: --add-opens=java.base/java.lang.invoke=ALL-UNNAMED
27-Jan-2026 19:02:37.115 INFO [main] org.apache.catalina.startup.VersionLoggerListener.log Command line argument: --add-opens=java.base/java.lang.reflect=ALL-UNNAMED
27-Jan-2026 19:02:37.115 INFO [main] org.apache.catalina.startup.VersionLoggerListener.log Command line argument: --add-opens=java.base/java.io=ALL-UNNAMED
27-Jan-2026 19:02:37.115 INFO [main] org.apache.catalina.startup.VersionLoggerListener.log Command line argument: --add-opens=java.base/java.util=ALL-UNNAMED
27-Jan-2026 19:02:37.115 INFO [main] org.apache.catalina.startup.VersionLoggerListener.log Command line argument: --add-opens=java.base/java.util.concurrent=ALL-UNNAMED
27-Jan-2026 19:02:37.115 INFO [main] org.apache.catalina.startup.VersionLoggerListener.log Command line argument: --add-opens=java.rmi/sun.rmi.transport=ALL-UNNAMED
27-Jan-2026 19:02:37.115 INFO [main] org.apache.catalina.startup.VersionLoggerListener.log Command line argument: -Djava.util.logging.config.file=/Applications/tomcat/conf/logging.properties
27-Jan-2026 19:02:37.115 INFO [main] org.apache.catalina.startup.VersionLoggerListener.log Command line argument: -Djava.util.logging.manager=org.apache.juli.ClassLoaderLogManager
27-Jan-2026 19:02:37.115 INFO [main] org.apache.catalina.startup.VersionLoggerListener.log Command line argument: -Djdk.tls.ephemeralDHKeySize=2048
27-Jan-2026 19:02:37.115 INFO [main] org.apache.catalina.startup.VersionLoggerListener.log Command line argument: -Djava.protocol.handler.pkgs=org.apache.catalina.webresources
27-Jan-2026 19:02:37.115 INFO [main] org.apache.catalina.startup.VersionLoggerListener.log Command line argument: -Dsun.io.useCanonCaches=false
27-Jan-2026 19:02:37.115 INFO [main] org.apache.catalina.startup.VersionLoggerListener.log Command line argument: -Dorg.apache.catalina.security.SecurityListener.UMASK=0027
27-Jan-2026 19:02:37.115 INFO [main] org.apache.catalina.startup.VersionLoggerListener.log Command line argument: -Dignore.endorsed.dirs=
27-Jan-2026 19:02:37.115 INFO [main] org.apache.catalina.startup.VersionLoggerListener.log Command line argument: -Dcatalina.base=/Applications/tomcat
27-Jan-2026 19:02:37.115 INFO [main] org.apache.catalina.startup.VersionLoggerListener.log Command line argument: -Dcatalina.home=/Applications/tomcat
27-Jan-2026 19:02:37.115 INFO [main] org.apache.catalina.startup.VersionLoggerListener.log Command line argument: -Djava.io.tmpdir=/Applications/tomcat/temp
27-Jan-2026 19:02:37.121 INFO [main] org.apache.catalina.core.AprLifecycleListener.lifecycleEvent The Apache Tomcat Native library which allows using OpenSSL was not found on the java.library.path: [/Users/jessemendoza/Library/Java/Extensions:/Library/Java/Extensions:/Network/Library/Java/Extensions:/System/Library/Java/Extensions:/usr/lib/java:.]
27-Jan-2026 19:02:37.245 INFO [main] org.apache.coyote.AbstractProtocol.init Initializing ProtocolHandler ["http-nio-8080"]
27-Jan-2026 19:02:37.259 INFO [main] org.apache.catalina.startup.Catalina.load Server initialization in [230] milliseconds
27-Jan-2026 19:02:37.273 INFO [main] org.apache.catalina.core.StandardService.startInternal Starting service [Catalina]
27-Jan-2026 19:02:37.273 INFO [main] org.apache.catalina.core.StandardEngine.startInternal Starting Servlet engine: [Apache Tomcat/9.0.115]
27-Jan-2026 19:02:37.275 INFO [main] org.apache.catalina.startup.HostConfig.deployDirectory Deploying web application directory [/Applications/tomcat/webapps/docs]
27-Jan-2026 19:02:37.373 INFO [main] org.apache.catalina.startup.HostConfig.deployDirectory Deployment of web application directory [/Applications/tomcat/webapps/docs] has finished in [98] ms
27-Jan-2026 19:02:37.373 INFO [main] org.apache.catalina.startup.HostConfig.deployDirectory Deploying web application directory [/Applications/tomcat/webapps/manager]
27-Jan-2026 19:02:37.384 INFO [main] org.apache.catalina.startup.HostConfig.deployDirectory Deployment of web application directory [/Applications/tomcat/webapps/manager] has finished in [11] ms
27-Jan-2026 19:02:37.384 INFO [main] org.apache.catalina.startup.HostConfig.deployDirectory Deploying web application directory [/Applications/tomcat/webapps/examples]
27-Jan-2026 19:02:37.455 INFO [main] org.apache.catalina.startup.HostConfig.deployDirectory Deployment of web application directory [/Applications/tomcat/webapps/examples] has finished in [71] ms
27-Jan-2026 19:02:37.455 INFO [main] org.apache.catalina.startup.HostConfig.deployDirectory Deploying web application directory [/Applications/tomcat/webapps/ROOT]
27-Jan-2026 19:02:37.460 INFO [main] org.apache.catalina.startup.HostConfig.deployDirectory Deployment of web application directory [/Applications/tomcat/webapps/ROOT] has finished in [5] ms
27-Jan-2026 19:02:37.460 INFO [main] org.apache.catalina.startup.HostConfig.deployDirectory Deploying web application directory [/Applications/tomcat/webapps/host-manager]
27-Jan-2026 19:02:37.466 INFO [main] org.apache.catalina.startup.HostConfig.deployDirectory Deployment of web application directory [/Applications/tomcat/webapps/host-manager] has finished in [6] ms
27-Jan-2026 19:02:37.467 INFO [main] org.apache.coyote.AbstractProtocol.start Starting ProtocolHandler ["http-nio-8080"]
27-Jan-2026 19:02:37.471 INFO [main] org.apache.catalina.startup.Catalina.start Server startup in [211] milliseconds
