10-Feb-2026 22:40:46.896 INFO [main] org.apache.catalina.core.ApplicationContext.log SessionListener: contextDestroyed()
10-Feb-2026 22:40:46.896 INFO [main] org.apache.catalina.core.ApplicationContext.log ContextListener: contextDestroyed()
10-Feb-2026 22:40:47.519 INFO [main] org.apache.catalina.core.ApplicationContext.log ContextListener: contextInitialized()
10-Feb-2026 22:40:47.519 INFO [main] org.apache.catalina.core.ApplicationContext.log SessionListener: contextInitialized()
10-Feb-2026 22:40:47.519 INFO [main] org.apache.catalina.core.ApplicationContext.log ContextListener: attributeAdded('StockTicker', 'async.Stockticker@1310fcb0')
10-Feb-2026 22:40:54.554 SEVERE [http-nio-8080-exec-1] org.apache.catalina.core.StandardWrapperValve.invoke Servlet.service() for servlet [jsp] in context with path [] threw exception [org.apache.jasper.JasperException: /JDBCDemo.jsp (line: [14], column: [2]) Unterminated [&lt;%] tag] with root cause
	org.apache.jasper.JasperException: /JDBCDemo.jsp (line: [14], column: [2]) Unterminated [&lt;%] tag
		at org.apache.jasper.compiler.DefaultErrorHandler.jspError(DefaultErrorHandler.java:29)
		at org.apache.jasper.compiler.ErrorDispatcher.dispatch(ErrorDispatcher.java:265)
		at org.apache.jasper.compiler.ErrorDispatcher.jspError(ErrorDispatcher.java:88)
		at org.apache.jasper.compiler.Parser.parseScriptlet(Parser.java:727)
		at org.apache.jasper.compiler.Parser.parseElements(Parser.java:1365)
		at org.apache.jasper.compiler.Parser.parse(Parser.java:132)
		at org.apache.jasper.compiler.ParserController.doParse(ParserController.java:240)
		at org.apache.jasper.compiler.ParserController.parse(ParserController.java:103)
		at org.apache.jasper.compiler.Compiler.generateJava(Compiler.java:186)
		at org.apache.jasper.compiler.Compiler.compile(Compiler.java:359)
		at org.apache.jasper.compiler.Compiler.compile(Compiler.java:337)
		at org.apache.jasper.compiler.Compiler.compile(Compiler.java:323)
		at org.apache.jasper.JspCompilationContext.compile(JspCompilationContext.java:585)
		at org.apache.jasper.servlet.JspServletWrapper.service(JspServletWrapper.java:371)
		at org.apache.jasper.servlet.JspServlet.serviceJspFile(JspServlet.java:349)
		at org.apache.jasper.servlet.JspServlet.service(JspServlet.java:300)
		at javax.servlet.http.HttpServlet.service(HttpServlet.java:623)
		at org.apache.catalina.core.ApplicationFilterChain.internalDoFilter(ApplicationFilterChain.java:197)
		at org.apache.catalina.core.ApplicationFilterChain.doFilter(ApplicationFilterChain.java:142)
		at org.apache.tomcat.websocket.server.WsFilter.doFilter(WsFilter.java:51)
		at org.apache.catalina.core.ApplicationFilterChain.internalDoFilter(ApplicationFilterChain.java:166)
		at org.apache.catalina.core.ApplicationFilterChain.doFilter(ApplicationFilterChain.java:142)
		at org.apache.catalina.core.StandardWrapperValve.invoke(StandardWrapperValve.java:166)
		at org.apache.catalina.core.StandardContextValve.invoke(StandardContextValve.java:88)
		at org.apache.catalina.authenticator.AuthenticatorBase.invoke(AuthenticatorBase.java:491)
		at org.apache.catalina.core.StandardHostValve.invoke(StandardHostValve.java:127)
		at org.apache.catalina.valves.ErrorReportValve.invoke(ErrorReportValve.java:83)
		at org.apache.catalina.valves.AbstractAccessLogValve.invoke(AbstractAccessLogValve.java:643)
		at org.apache.catalina.core.StandardEngineValve.invoke(StandardEngineValve.java:72)
		at org.apache.catalina.connector.CoyoteAdapter.service(CoyoteAdapter.java:344)
		at org.apache.coyote.http11.Http11Processor.service(Http11Processor.java:398)
		at org.apache.coyote.AbstractProcessorLight.process(AbstractProcessorLight.java:63)
		at org.apache.coyote.AbstractProtocol$ConnectionHandler.process(AbstractProtocol.java:939)
		at org.apache.tomcat.util.net.NioEndpoint$SocketProcessor.doRun(NioEndpoint.java:1832)
		at org.apache.tomcat.util.net.SocketProcessorBase.run(SocketProcessorBase.java:52)
		at org.apache.tomcat.util.threads.ThreadPoolExecutor.runWorker(ThreadPoolExecutor.java:973)
		at org.apache.tomcat.util.threads.ThreadPoolExecutor$Worker.run(ThreadPoolExecutor.java:491)
		at org.apache.tomcat.util.threads.TaskThread$WrappingRunnable.run(TaskThread.java:63)
		at java.base/java.lang.Thread.run(Thread.java:1575)
10-Feb-2026 22:42:11.180 INFO [main] org.apache.catalina.core.ApplicationContext.log SessionListener: contextDestroyed()
10-Feb-2026 22:42:11.180 INFO [main] org.apache.catalina.core.ApplicationContext.log ContextListener: contextDestroyed()
10-Feb-2026 22:42:11.788 INFO [main] org.apache.catalina.core.ApplicationContext.log ContextListener: contextInitialized()
10-Feb-2026 22:42:11.788 INFO [main] org.apache.catalina.core.ApplicationContext.log SessionListener: contextInitialized()
10-Feb-2026 22:42:11.788 INFO [main] org.apache.catalina.core.ApplicationContext.log ContextListener: attributeAdded('StockTicker', 'async.Stockticker@382dc417')
10-Feb-2026 23:02:47.641 INFO [main] org.apache.catalina.core.ApplicationContext.log SessionListener: contextDestroyed()
10-Feb-2026 23:02:47.641 INFO [main] org.apache.catalina.core.ApplicationContext.log ContextListener: contextDestroyed()
10-Feb-2026 23:02:48.272 INFO [main] org.apache.catalina.core.ApplicationContext.log ContextListener: contextInitialized()
10-Feb-2026 23:02:48.272 INFO [main] org.apache.catalina.core.ApplicationContext.log SessionListener: contextInitialized()
10-Feb-2026 23:02:48.273 INFO [main] org.apache.catalina.core.ApplicationContext.log ContextListener: attributeAdded('StockTicker', 'async.Stockticker@1310fcb0')
10-Feb-2026 23:05:22.871 INFO [main] org.apache.catalina.core.ApplicationContext.log SessionListener: contextDestroyed()
10-Feb-2026 23:05:22.871 INFO [main] org.apache.catalina.core.ApplicationContext.log ContextListener: contextDestroyed()
10-Feb-2026 23:05:23.467 INFO [main] org.apache.catalina.core.ApplicationContext.log ContextListener: contextInitialized()
10-Feb-2026 23:05:23.467 INFO [main] org.apache.catalina.core.ApplicationContext.log SessionListener: contextInitialized()
10-Feb-2026 23:05:23.467 INFO [main] org.apache.catalina.core.ApplicationContext.log ContextListener: attributeAdded('StockTicker', 'async.Stockticker@6e8fdd19')
10-Feb-2026 23:13:30.175 INFO [main] org.apache.catalina.core.ApplicationContext.log SessionListener: contextDestroyed()
10-Feb-2026 23:13:30.175 INFO [main] org.apache.catalina.core.ApplicationContext.log ContextListener: contextDestroyed()
10-Feb-2026 23:13:49.969 INFO [main] org.apache.catalina.core.ApplicationContext.log ContextListener: contextInitialized()
10-Feb-2026 23:13:49.969 INFO [main] org.apache.catalina.core.ApplicationContext.log SessionListener: contextInitialized()
10-Feb-2026 23:13:49.969 INFO [main] org.apache.catalina.core.ApplicationContext.log ContextListener: attributeAdded('StockTicker', 'async.Stockticker@6e8fdd19')
10-Feb-2026 23:38:00.066 INFO [main] org.apache.catalina.core.ApplicationContext.log SessionListener: contextDestroyed()
10-Feb-2026 23:38:00.066 INFO [main] org.apache.catalina.core.ApplicationContext.log ContextListener: contextDestroyed()
10-Feb-2026 23:38:00.672 INFO [main] org.apache.catalina.core.ApplicationContext.log ContextListener: contextInitialized()
10-Feb-2026 23:38:00.672 INFO [main] org.apache.catalina.core.ApplicationContext.log SessionListener: contextInitialized()
10-Feb-2026 23:38:00.672 INFO [main] org.apache.catalina.core.ApplicationContext.log ContextListener: attributeAdded('StockTicker', 'async.Stockticker@510689af')
10-Feb-2026 23:42:22.573 INFO [main] org.apache.catalina.core.ApplicationContext.log SessionListener: contextDestroyed()
10-Feb-2026 23:42:22.573 INFO [main] org.apache.catalina.core.ApplicationContext.log ContextListener: contextDestroyed()
10-Feb-2026 23:42:30.205 INFO [main] org.apache.catalina.core.ApplicationContext.log ContextListener: contextInitialized()
10-Feb-2026 23:42:30.205 INFO [main] org.apache.catalina.core.ApplicationContext.log SessionListener: contextInitialized()
10-Feb-2026 23:42:30.205 INFO [main] org.apache.catalina.core.ApplicationContext.log ContextListener: attributeAdded('StockTicker', 'async.Stockticker@6e8fdd19')
10-Feb-2026 23:42:36.448 INFO [main] org.apache.catalina.core.ApplicationContext.log SessionListener: contextDestroyed()
10-Feb-2026 23:42:36.448 INFO [main] org.apache.catalina.core.ApplicationContext.log ContextListener: contextDestroyed()
10-Feb-2026 23:42:39.191 INFO [main] org.apache.catalina.core.ApplicationContext.log ContextListener: contextInitialized()
10-Feb-2026 23:42:39.191 INFO [main] org.apache.catalina.core.ApplicationContext.log SessionListener: contextInitialized()
10-Feb-2026 23:42:39.192 INFO [main] org.apache.catalina.core.ApplicationContext.log ContextListener: attributeAdded('StockTicker', 'async.Stockticker@1310fcb0')
10-Feb-2026 23:51:09.710 INFO [main] org.apache.catalina.core.ApplicationContext.log SessionListener: contextDestroyed()
10-Feb-2026 23:51:09.710 INFO [main] org.apache.catalina.core.ApplicationContext.log ContextListener: contextDestroyed()
10-Feb-2026 23:51:16.334 INFO [main] org.apache.catalina.core.ApplicationContext.log ContextListener: contextInitialized()
10-Feb-2026 23:51:16.334 INFO [main] org.apache.catalina.core.ApplicationContext.log SessionListener: contextInitialized()
10-Feb-2026 23:51:16.334 INFO [main] org.apache.catalina.core.ApplicationContext.log ContextListener: attributeAdded('StockTicker', 'async.Stockticker@6b63abdc')
